I'm sorry, but errors were detected in your script. Please correct the
errors listed below, and try again.


File "game/script.rpy", line 194: Menu does not contain any choices.
    menu:
         ^

Ren'Py Version: Ren'Py 8.3.0.24082114
Sun Dec 22 21:08:43 2024
